<html>
<body>
<pre>
<h1>礦ision Build Log</h1>
<h2>Tool Versions:</h2>
IDE-Version: μVision V5.23.0.0
Copyright (C) 2017 ARM Ltd and ARM Germany GmbH. All rights reserved.
License Information: a ethereal, a, LIC=BUURY-IM7XX-8T43P-MLEQK-9XMRP-F4UZY
 
Tool Versions:
Toolchain:       MDK-ARM Plus  Version: 5.23
Toolchain Path:  C:\Keil_v5\ARM\ARMCC\Bin
C Compiler:      Armcc.exe V5.06 update 4 (build 422)
Assembler:       Armasm.exe V5.06 update 4 (build 422)
Linker/Locator:  ArmLink.exe V5.06 update 4 (build 422)
Library Manager: ArmAr.exe V5.06 update 4 (build 422)
Hex Converter:   FromElf.exe V5.06 update 4 (build 422)
CPU DLL:         SARMCM3.DLL V5.23
Dialog DLL:      DCM.DLL V1.15.0.0
Target DLL:      STLink\ST-LINKIII-KEIL_SWO.dll V2.0.18.0
Dialog DLL:      TCM.DLL V1.27.0.0
 
<h2>Project:</h2>
C:\Users\ethereal\OneDrive\桌面\步兵改适配英雄(增加功能)\MDK-ARM\standard_robot.uvprojx
Project File Date:  11/19/2023

<h2>Output:</h2>
*** Using Compiler 'V5.06 update 4 (build 422)', folder: 'C:\Keil_v5\ARM\ARMCC\Bin'
Rebuild target 'standard_robot'
assembling startup_stm32f407xx.s...
compiling crc.c...
compiling dma.c...
compiling adc.c...
compiling i2c.c...
compiling gpio.c...
compiling rng.c...
compiling rtc.c...
compiling can.c...
compiling spi.c...
compiling main.c...
compiling freertos.c...
compiling stm32f4xx_hal_pcd_ex.c...
compiling stm32f4xx_hal_msp.c...
compiling usart.c...
compiling usbd_cdc_if.c...
compiling usb_device.c...
compiling stm32f4xx_hal_pcd.c...
compiling usbd_desc.c...
compiling usbd_conf.c...
compiling tim.c...
compiling stm32f4xx_ll_usb.c...
compiling stm32f4xx_it.c...
compiling stm32f4xx_hal_adc.c...
compiling stm32f4xx_hal_crc.c...
compiling stm32f4xx_hal_rtc.c...
compiling stm32f4xx_hal_rng.c...
compiling stm32f4xx_hal_rtc_ex.c...
compiling stm32f4xx_hal_adc_ex.c...
compiling stm32f4xx_hal_can.c...
compiling stm32f4xx_hal_i2c_ex.c...
compiling stm32f4xx_hal_spi.c...
compiling stm32f4xx_hal_i2c.c...
compiling stm32f4xx_hal_tim.c...
compiling stm32f4xx_hal_rcc.c...
compiling stm32f4xx_hal_rcc_ex.c...
compiling stm32f4xx_hal_gpio.c...
compiling stm32f4xx_hal_dma.c...
compiling stm32f4xx_hal_tim_ex.c...
compiling stm32f4xx_hal_uart.c...
compiling stm32f4xx_hal_flash_ramfunc.c...
compiling croutine.c...
compiling event_groups.c...
compiling list.c...
compiling queue.c...
compiling stm32f4xx_hal_dma_ex.c...
compiling stream_buffer.c...
compiling stm32f4xx_hal_flash_ex.c...
compiling stm32f4xx_hal_flash.c...
compiling stm32f4xx_hal_pwr.c...
compiling timers.c...
compiling heap_4.c...
compiling tasks.c...
compiling cmsis_os.c...
compiling port.c...
compiling stm32f4xx_hal_cortex.c...
compiling stm32f4xx_hal.c...
compiling stm32f4xx_hal_pwr_ex.c...
compiling stm32f4xx_hal_exti.c...
compiling system_stm32f4xx.c...
compiling bsp_adc.c...
compiling usbd_ioreq.c...
compiling usbd_cdc.c...
compiling usbd_core.c...
compiling bsp_buzzer.c...
compiling bsp_delay.c...
compiling bsp_can.c...
compiling bsp_flash.c...
compiling usbd_ctlreq.c...
compiling bsp_crc32.c...
compiling calibrate_task.c...
compiling bsp_fric.c...
compiling bsp_usart.c...
compiling CAN_receive.c...
compiling bsp_laser.c...
compiling bsp_imu_pwm.c...
compiling detect_task.c...
compiling chassis_behaviour.c...
compiling bsp_rng.c...
compiling bsp_rc.c...
compiling gimbal_behaviour.c...
compiling bsp_led.c...
compiling bsp_servo_pwm.c...
compiling bsp_i2c.c...
compiling bsp_spi.c...
compiling chassis_power_control.c...
compiling chassis_task.c...
..\application\chassis_task.c(359): warning:  #550-D: variable "chassis_behaviour_mode"  was set but never used
    chassis_behaviour_e chassis_behaviour_mode;
..\application\chassis_task.c(889): warning:  #177-D: function "chassis_control_loop"  was declared but never referenced
  static void chassis_control_loop(chassis_move_t *chassis_move_control_loop)
..\application\chassis_task.c(170): warning:  #177-D: function "m3508_can_open"  was declared but never referenced
  static void m3508_can_open()
..\application\chassis_task.c(230): warning:  #177-D: function "chassis_v_to_mecanum_wheel_speed"  was declared but never referenced
  static void chassis_v_to_mecanum_wheel_speed(void)
..\application\chassis_task.c: 4 warnings, 0 errors
compiling remote_control.c...
compiling referee_usart_task.c...
compiling test_task.c...
compiling voltage_task.c...
compiling gimbal_task.c...
..\application\gimbal_task.c(1046): warning:  #177-D: function "gimbal_control_loop"  was declared but never referenced
  static void gimbal_control_loop(gimbal_control_t *control_loop)
..\application\gimbal_task.c(305): warning:  #550-D: variable "shoot_can_set_current"  was set but never used
  static int16_t yaw_can_set_current = 0, pitch_can_set_current = 0, shoot_can_set_current = 0;
..\application\gimbal_task.c(351): warning:  #177-D: function "gimbal_mouse_control"  was declared but never referenced
  static void gimbal_mouse_control(){
..\application\gimbal_task.c(381): warning:  #177-D: function "gimbal_yaw_control"  was declared but never referenced
  static void gimbal_yaw_control(void)
..\application\gimbal_task.c(397): warning:  #177-D: function "gimbal_pitch_control"  was declared but never referenced
  static void gimbal_pitch_control(void)
..\application\gimbal_task.c: 5 warnings, 0 errors
compiling referee.c...
compiling oled_task.c...
compiling ist8310driver.c...
compiling shoot.c...
compiling INS_task.c...
compiling usb_task.c...
..\application\usb_task.c(37): warning:  #177-D: variable "status"  was declared but never referenced
  static const char status[2][7] = {"OK", "ERROR!"};
..\application\usb_task.c: 1 warning, 0 errors
compiling user_lib.c...
compiling led_flow_task.c...
compiling BMI088driver.c...
compiling OLED.c...
compiling CRC8_CRC16.c...
compiling servo_task.c...
compiling pid.c...
compiling mem_mang4.c...
compiling AHRS_middleware.c...
compiling fifo.c...
compiling ist8310driver_middleware.c...
compiling BMI088Middleware.c...
linking...
Program Size: Code=95800 RO-data=12872 RW-data=1296 ZI-data=57744  
FromELF: creating hex file...
".\standard_tpye_c\standard_tpye_c.axf" - 0 Error(s), 10 Warning(s).

<h2>Software Packages used:</h2>

Package Vendor: ARM
                http://www.keil.com/pack/ARM.CMSIS.5.0.1.pack
                ARM::CMSIS:CORE:5.0.1
                CMSIS (Cortex Microcontroller Software Interface Standard)
   * Component: CORE Version: 5.0.1

<h2>Collection of Component include folders:</h2>
  .\RTE\_standard_robot
  C:\Keil_v5\ARM\PACK\ARM\CMSIS\5.0.1\CMSIS\Include
  C:\Keil_v5\ARM\PACK\Keil\STM32F4xx_DFP\2.17.1\Drivers\CMSIS\Device\ST\STM32F4xx\Include

<h2>Collection of Component Files used:</h2>

   * Component: ARM::CMSIS:CORE:5.0.1
Build Time Elapsed:  00:00:43
</pre>
</body>
</html>
